[fixture loaded] 32 blocks, total_bytes/block=19072
=== KVarN in-kernel dequant microbench (B200) ===
dims: group=64 ckv=512 k_pe=64  ckv_bits=4 pe_bits=2
packed bytes/block=19072  fp16 bytes/block=73728  fp8 bytes/block=36864  nvfp4 bytes/block=20736
--- KV memory / capacity (MLA latent, group=64) ---
fp16 : 73728 B/block  1.00x cap   bpe=16.00
fp8  : 36864 B/block  2.00x cap   bpe=8.00
nvfp4: 20736 B/block  3.56x cap   bpe=4.50
kvarn: 19072 B/block  3.87x cap   bpe=4.14   (vs fp8: 1.93x, vs nvfp4: 1.09x)
N (blocks restored/step) = 32, pool=32 blocks

kvarn kernel smem = 147456 bytes (144.0 KB), threads=256

--- correctness vs python dequant_latent_block ---
cos_ckv (in-kernel FWHT vs python matmul-Hadamard) = 1.000000
cos_kpe = 1.000000   ckv_max_abs_err = 0.001953

--- per-step latency (N=32 blocks) ---
KVarN in-kernel dequant :    64.85 us   ( 2.027 us/block)
fp8 dequantCopy read    :    11.27 us   ( 0.352 us/block)
fp16 plain copy (floor) :    10.25 us   ( 0.320 us/block)

KVarN / fp16-floor = 6.32x   KVarN / fp8 = 5.75x

--- vs round-4 decode budget (~341 us/layer/tok) ---
KVarN in-kernel  : 64.9 us = 19.0% of budget
python staged b32: 808.4 us = 237.1% of budget  (round-4 logged)

--- N-sweep: in-kernel vs python-staged vs budget ---
  N   inkernel_us  us/blk  fp8_us  pyStaged_us(*)  inkernel_%budget
    1       63.88  63.883   10.64          172.5     18.7%
    8       64.25   8.031   11.02          316.1     18.8%
   32       64.88   2.027   11.28          808.4     19.0%
   64       65.53   1.024   12.01         1616.8     19.2%
  128       65.59   0.512   12.30         3233.6     19.2%
  256      127.26   0.497   12.30         6467.2     37.3%
  512      250.15   0.489   16.40        12934.4     73.4%
 1024      505.72   0.494   33.85        25868.8    148.3%
(*) pyStaged: b1/b8/b32 from round-4 system_decode_overhead.log; >b32 linearly extrapolated.
