[fixture loaded] 32 blocks, total_bytes/block=19072
=== KVarN in-kernel dequant microbench (B200) ===
dims: group=64 ckv=512 k_pe=64  ckv_bits=4 pe_bits=2
packed bytes/block=19072  fp16 bytes/block=73728  fp8 bytes/block=36864  nvfp4 bytes/block=20736
--- KV memory / capacity (MLA latent, group=64) ---
fp16 : 73728 B/block  1.00x cap   bpe=16.00
fp8  : 36864 B/block  2.00x cap   bpe=8.00
nvfp4: 20736 B/block  3.56x cap   bpe=4.50
kvarn: 19072 B/block  3.87x cap   bpe=4.14   (vs fp8: 1.93x, vs nvfp4: 1.09x)
N (blocks restored/step) = 32, pool=32 blocks

kvarn kernel smem = 147456 bytes (144.0 KB), threads=256

--- correctness vs python dequant_latent_block ---
[fp32-smem] cos_ckv (FWHT vs python matmul-Hadamard) = 1.000000
[fp32-smem] cos_kpe = 1.000000   ckv_max_abs_err = 0.001953
[fp16-smem] cos_ckv = 1.000000   cos_kpe = 1.000000

--- per-step latency (N=32 blocks) ---
KVarN in-kernel dequant :    64.72 us   ( 2.022 us/block)
fp8 dequantCopy read    :    11.28 us   ( 0.353 us/block)
fp16 plain copy (floor) :    10.26 us   ( 0.321 us/block)

KVarN / fp16-floor = 6.31x   KVarN / fp8 = 5.74x

--- vs round-4 decode budget (~341 us/layer/tok) ---
KVarN in-kernel  : 64.7 us = 19.0% of budget
python staged b32: 808.4 us = 237.1% of budget  (round-4 logged)

--- N-sweep: in-kernel (fp32-smem | fp16-smem) vs python-staged vs budget ---
  N   fp32sm_us  fp16sm_us  fp16/blk  fp8_us  pyStaged_us(*)  fp16sm_%budget
    1      63.88      74.85   74.852   10.58          172.5     22.0%
    8      64.19      75.22    9.403   11.01          316.1     22.1%
   32      64.69      75.76    2.368   11.29          808.4     22.2%
   64      65.53      75.79    1.184   11.94         1616.8     22.2%
  128      65.59      75.83    0.592   12.30         3233.6     22.2%
  256     127.22     116.01    0.453   12.31         6467.2     34.0%
  512     250.14     220.48    0.431   16.40        12934.4     64.7%
 1024     505.68     393.48    0.384   33.63        25868.8    115.4%
(*) pyStaged: b1/b8/b32 from round-4 system_decode_overhead.log; >b32 linearly extrapolated.
